0.000000
    old:205980:1:1e-10@0    Constant:116060:1:1e-11@0   new:157063:1:0@0
